// Jest Snapshot v1, https://goo.gl/fbAQLP

exports[`<RepositoryTableContainer /> renders correctly 1`] = `
<RepositoryTableComponent
  rows={
    Array [
      <Memo(Connect(RepotisoryRowContainer))
        repository={
          Object {
            "id": 2,
            "stargazers_count": 2,
          }
        }
      />,
      <Memo(Connect(RepotisoryRowContainer))
        repository={
          Object {
            "id": 1,
            "stargazers_count": 1,
          }
        }
      />,
    ]
  }
/>
`;
