// Jest Snapshot v1, https://goo.gl/fbAQLP

exports[`<LanguageTableContainer /> renders correctly 1`] = `
<LanguageTableComponent
  rows={
    Array [
      <LanguageRowComponent
        languageName="JS"
        percentage="25.00"
      />,
      <LanguageRowComponent
        languageName="C"
        percentage="25.00"
      />,
      <LanguageRowComponent
        languageName="Ruby"
        percentage="50.00"
      />,
    ]
  }
/>
`;
