// Jest Snapshot v1, https://goo.gl/fbAQLP

exports[`<RepotisoryRow /> renders correctly 1`] = `
<Form>
  <Field
    name="repositoryUrl"
    placeholder="Enter repository name e.g. facebook/react"
    type="repositoryUrl"
  />
  <FormikConnect(ErrorMessageImpl)
    component="p"
    name="repositoryUrl"
  />
  <button
    disabled={false}
    type="submit"
  >
    Submit
  </button>
</Form>
`;
